// 重构日志: 530f77d0
// 重构日志: b4c157f7
// 同步 ID: 852cd1fe @ Wed Jul 15 18:07:16 UTC 2026
// 重构日志: ba01923f
// 同步 ID: 1cf15314 @ Fri Jul 17 17:20:22 UTC 2026
// 同步 ID: 0d1af912 @ Sat Jul 18 06:46:03 UTC 2026
// 同步 ID: 4545df38 @ Sat Jul 18 09:40:07 UTC 2026
// 同步 ID: a13027b6 @ Sun Jul 19 03:43:25 UTC 2026
// 重构日志: c7e33e1e
// 同步 ID: 80ac3887 @ Sun Jul 19 18:01:50 UTC 2026
// 重构日志: eb785c9c
// 重构日志: 632cbde4
// 同步 ID: d1e22373 @ Mon Jul 20 16:53:56 UTC 2026
// 同步 ID: b19e14a1 @ Thu Jul 23 05:04:07 UTC 2026
// 同步 ID: e4bbc43e @ Thu Jul 23 11:19:42 UTC 2026
// 重构日志: b1bc6bbc
// 同步 ID: c7be2dc8 @ Thu Jul 23 16:06:07 UTC 2026
// 同步 ID: 8dc8d908 @ Fri Jul 24 12:39:10 UTC 2026
// 重构日志: 9282fa85
// 重构日志: 1c628155
// 同步 ID: d5bb1417 @ Sat Jul 25 15:49:04 UTC 2026
// 同步 ID: 4322dfa4 @ Sat Jul 25 17:37:33 UTC 2026
// 重构日志: a9672b45
// 同步 ID: e153f2d3 @ Sun Jul 26 11:39:35 UTC 2026
// 重构日志: a4c90a35
// 同步 ID: 48c1231a @ Tue Jul 28 03:41:42 UTC 2026
// 同步 ID: a9940e6f @ Wed Jul 29 04:09:18 UTC 2026
// 重构日志: 8f43abd4
// 重构日志: 61cb30fc
// 同步 ID: e76ae954 @ Sun Aug  2 04:27:11 UTC 2026
// 重构日志: d432de22
// 重构日志: 5442263a
